=== C301.pdf (grade=3, subject=quran) ===
indexing: C301.pdf (grade=3, subject=quran)
  mineru pages with text: 7
Done. Indexed 128 pages for C301.pdf (engine=mineru, OCR/parse on 7 pages, clean text for 7)
=== C302.pdf (grade=3, subject=gifts) ===
indexing: C302.pdf (grade=3, subject=gifts)
  mineru: pages 0-7
  chunk 1: 8 pages extracted (cumulative: 8)
  mineru: pages 8-15
  chunk 2: 8 pages extracted (cumulative: 16)
  mineru: pages 16-23
  chunk 3: 8 pages extracted (cumulative: 24)
  mineru: pages 24-31
  chunk 4: 8 pages extracted (cumulative: 32)
  mineru: pages 32-39
  chunk 5: 8 pages extracted (cumulative: 40)
  mineru: pages 40-47
  chunk 6: 7 pages extracted (cumulative: 47)
  mineru: pages 48-55
  chunk 7: 7 pages extracted (cumulative: 54)
  mineru: pages 56-63
  chunk 8: 8 pages extracted (cumulative: 62)
  mineru: pages 64-71
  chunk 9: 8 pages extracted (cumulative: 70)
  mineru: pages 72-79
  chunk 10: 8 pages extracted (cumulative: 78)
  mineru: pages 80-87
  chunk 11: 8 pages extracted (cumulative: 86)
  mineru: pages 88-95
  chunk 12: 7 pages extracted (cumulative: 93)
  mineru: pages 96-103
  chunk 13: 7 pages extracted (cumulative: 100)
  mineru: pages 104-111
  chunk 14: 7 pages extracted (cumulative: 107)
  mineru: pages 112-119
  chunk 15: 7 pages extracted (cumulative: 114)
  mineru: pages 120-127
  chunk 16: 8 pages extracted (cumulative: 122)
  mineru pages with text: 122
Done. Indexed 128 pages for C302.pdf (engine=mineru, OCR/parse on 122 pages, clean text for 118)
=== C303.pdf (grade=3, subject=persian) ===
indexing: C303.pdf (grade=3, subject=persian)
  mineru: pages 0-7
  chunk 1: 7 pages extracted (cumulative: 7)
  mineru: pages 8-15
  chunk 2: 8 pages extracted (cumulative: 15)
  mineru: pages 16-23
  chunk 3: 6 pages extracted (cumulative: 21)
  mineru: pages 24-31
  chunk 4: 8 pages extracted (cumulative: 29)
  mineru: pages 32-39
  chunk 5: 8 pages extracted (cumulative: 37)
  mineru: pages 40-47
  chunk 6: 8 pages extracted (cumulative: 45)
  mineru: pages 48-55
  chunk 7: 7 pages extracted (cumulative: 52)
  mineru: pages 56-63
  chunk 8: 8 pages extracted (cumulative: 60)
  mineru: pages 64-71
  chunk 9: 6 pages extracted (cumulative: 66)
  mineru: pages 72-79
  chunk 10: 8 pages extracted (cumulative: 74)
  mineru: pages 80-87
  chunk 11: 7 pages extracted (cumulative: 81)
  mineru: pages 88-95
  chunk 12: 8 pages extracted (cumulative: 89)
  mineru: pages 96-103
  chunk 13: 7 pages extracted (cumulative: 96)
  mineru: pages 104-111
  chunk 14: 8 pages extracted (cumulative: 104)
  mineru: pages 112-119
  chunk 15: 6 pages extracted (cumulative: 110)
  mineru: pages 120-127
  chunk 16: 8 pages extracted (cumulative: 118)
  mineru: pages 128-135
  chunk 17: 7 pages extracted (cumulative: 125)
  mineru pages with text: 125
Done. Indexed 136 pages for C303.pdf (engine=mineru, OCR/parse on 125 pages, clean text for 117)
=== C304.pdf (grade=3, subject=writing) ===
indexing: C304.pdf (grade=3, subject=writing)
  mineru: pages 0-7
  chunk 1: 5 pages extracted (cumulative: 5)
  mineru: pages 8-15
  chunk 2: 8 pages extracted (cumulative: 13)
  mineru: pages 16-23
  chunk 3: 8 pages extracted (cumulative: 21)
  mineru: pages 24-31
  chunk 4: 7 pages extracted (cumulative: 28)
  mineru: pages 32-39
  chunk 5: 7 pages extracted (cumulative: 35)
  mineru: pages 40-47
  chunk 6: 8 pages extracted (cumulative: 43)
  mineru: pages 48-55
  chunk 7: 8 pages extracted (cumulative: 51)
  mineru: pages 56-63
  chunk 8: 7 pages extracted (cumulative: 58)
  mineru: pages 64-71
  chunk 9: 8 pages extracted (cumulative: 66)
  mineru: pages 72-79
  chunk 10: 4 pages extracted (cumulative: 70)
  mineru: pages 80-87
  chunk 11: 7 pages extracted (cumulative: 77)
  mineru: pages 88-95
  chunk 12: 8 pages extracted (cumulative: 85)
  mineru: pages 96-103
  chunk 13: 7 pages extracted (cumulative: 92)
  mineru pages with text: 92
Done. Indexed 104 pages for C304.pdf (engine=mineru, OCR/parse on 92 pages, clean text for 90)
=== C305.pdf (grade=3, subject=math) ===
indexing: C305.pdf (grade=3, subject=math)
  mineru: pages 0-7
  chunk 1: 8 pages extracted (cumulative: 8)
  mineru: pages 8-15
  chunk 2: 7 pages extracted (cumulative: 15)
  mineru: pages 16-23
  chunk 3: 8 pages extracted (cumulative: 23)
  mineru: pages 24-31
  chunk 4: 8 pages extracted (cumulative: 31)
  mineru: pages 32-39
  chunk 5: 8 pages extracted (cumulative: 39)
  mineru: pages 40-47
  chunk 6: 7 pages extracted (cumulative: 46)
  mineru: pages 48-55
  chunk 7: 8 pages extracted (cumulative: 54)
  mineru: pages 56-63
  chunk 8: 7 pages extracted (cumulative: 61)
  mineru: pages 64-71
  chunk 9: 8 pages extracted (cumulative: 69)
  mineru: pages 72-79
  chunk 10: 8 pages extracted (cumulative: 77)
  mineru: pages 80-87
  chunk 11: 8 pages extracted (cumulative: 85)
  mineru: pages 88-95
  chunk 12: 7 pages extracted (cumulative: 92)
  mineru: pages 96-103
  chunk 13: 8 pages extracted (cumulative: 100)
  mineru: pages 104-111
  chunk 14: 8 pages extracted (cumulative: 108)
  mineru: pages 112-119
  chunk 15: 8 pages extracted (cumulative: 116)
  mineru: pages 120-127
  chunk 16: 8 pages extracted (cumulative: 124)
  mineru: pages 128-135
  chunk 17: 8 pages extracted (cumulative: 132)
  mineru: pages 136-143
  chunk 18: 8 pages extracted (cumulative: 140)
  mineru: pages 144-151
  chunk 19: 7 pages extracted (cumulative: 147)
  mineru pages with text: 147
Done. Indexed 152 pages for C305.pdf (engine=mineru, OCR/parse on 147 pages, clean text for 127)
=== C306.pdf (grade=3, subject=science) ===
indexing: C306.pdf (grade=3, subject=science)
  mineru: pages 0-7
  chunk 1: 8 pages extracted (cumulative: 8)
  mineru: pages 8-15
  chunk 2: 7 pages extracted (cumulative: 15)
  mineru: pages 16-23
  chunk 3: 8 pages extracted (cumulative: 23)
  mineru: pages 24-31
  chunk 4: 8 pages extracted (cumulative: 31)
  mineru: pages 32-39
  chunk 5: 7 pages extracted (cumulative: 38)
  mineru: pages 40-47
  chunk 6: 7 pages extracted (cumulative: 45)
  mineru: pages 48-55
  chunk 7: 7 pages extracted (cumulative: 52)
  mineru: pages 56-63
  chunk 8: 8 pages extracted (cumulative: 60)
  mineru: pages 64-71
  chunk 9: 8 pages extracted (cumulative: 68)
  mineru: pages 72-79
  chunk 10: 6 pages extracted (cumulative: 74)
  mineru: pages 80-87
  chunk 11: 7 pages extracted (cumulative: 81)
  mineru: pages 88-95
  chunk 12: 7 pages extracted (cumulative: 88)
  mineru: pages 96-103
  chunk 13: 8 pages extracted (cumulative: 96)
  mineru: pages 104-111
  chunk 14: 8 pages extracted (cumulative: 104)
  mineru: pages 112-119
  chunk 15: 8 pages extracted (cumulative: 112)
  mineru: pages 120-127
  chunk 16: 8 pages extracted (cumulative: 120)
  mineru pages with text: 120
Done. Indexed 128 pages for C306.pdf (engine=mineru, OCR/parse on 120 pages, clean text for 114)
=== C307.pdf (grade=3, subject=social) ===
indexing: C307.pdf (grade=3, subject=social)
  mineru: pages 0-7
  chunk 1: 8 pages extracted (cumulative: 8)
  mineru: pages 8-15
  chunk 2: 8 pages extracted (cumulative: 16)
  mineru: pages 16-23
  chunk 3: 8 pages extracted (cumulative: 24)
  mineru: pages 24-31
  chunk 4: 8 pages extracted (cumulative: 32)
  mineru: pages 32-39
  chunk 5: 8 pages extracted (cumulative: 40)
  mineru: pages 40-47
  chunk 6: 6 pages extracted (cumulative: 46)
  mineru: pages 48-55
  chunk 7: 8 pages extracted (cumulative: 54)
  mineru: pages 56-63
  chunk 8: 8 pages extracted (cumulative: 62)
  mineru: pages 64-71
  chunk 9: 8 pages extracted (cumulative: 70)
  mineru: pages 72-79
  chunk 10: 8 pages extracted (cumulative: 78)
  mineru: pages 80-87
  chunk 11: 8 pages extracted (cumulative: 86)
  mineru: pages 88-95
  chunk 12: 7 pages extracted (cumulative: 93)
  mineru: pages 96-103
  chunk 13: 6 pages extracted (cumulative: 99)
  mineru pages with text: 99
Done. Indexed 104 pages for C307.pdf (engine=mineru, OCR/parse on 99 pages, clean text for 90)
=== C401.pdf (grade=4, subject=quran) ===
indexing: C401.pdf (grade=4, subject=quran)
  mineru: pages 0-7
  chunk 1: 8 pages extracted (cumulative: 8)
  mineru: pages 8-15
  chunk 2: 8 pages extracted (cumulative: 16)
  mineru: pages 16-23
  chunk 3: 8 pages extracted (cumulative: 24)
  mineru: pages 24-31
  chunk 4: 8 pages extracted (cumulative: 32)
  mineru: pages 32-39
  chunk 5: 8 pages extracted (cumulative: 40)
  mineru: pages 40-47
  chunk 6: 8 pages extracted (cumulative: 48)
  mineru: pages 48-55
  chunk 7: 8 pages extracted (cumulative: 56)
  mineru: pages 56-63
  chunk 8: 8 pages extracted (cumulative: 64)
  mineru: pages 64-71
  chunk 9: 8 pages extracted (cumulative: 72)
  mineru: pages 72-79
  chunk 10: 8 pages extracted (cumulative: 80)
  mineru: pages 80-87
  chunk 11: 7 pages extracted (cumulative: 87)
  mineru: pages 88-95
  chunk 12: 8 pages extracted (cumulative: 95)
  mineru: pages 96-103
  chunk 13: 8 pages extracted (cumulative: 103)
  mineru pages with text: 103
Done. Indexed 104 pages for C401.pdf (engine=mineru, OCR/parse on 103 pages, clean text for 103)
=== C402.pdf (grade=4, subject=gifts) ===
indexing: C402.pdf (grade=4, subject=gifts)
  mineru: pages 0-7
  chunk 1: 8 pages extracted (cumulative: 8)
  mineru: pages 8-15
  chunk 2: 7 pages extracted (cumulative: 15)
  mineru: pages 16-23
  chunk 3: 8 pages extracted (cumulative: 23)
  mineru: pages 24-31
  chunk 4: 8 pages extracted (cumulative: 31)
  mineru: pages 32-39
  chunk 5: 8 pages extracted (cumulative: 39)
  mineru: pages 40-47
  chunk 6: 8 pages extracted (cumulative: 47)
  mineru: pages 48-55
  chunk 7: 8 pages extracted (cumulative: 55)
  mineru: pages 56-63
  chunk 8: 8 pages extracted (cumulative: 63)
  mineru: pages 64-71
  chunk 9: 7 pages extracted (cumulative: 70)
  mineru: pages 72-79
  chunk 10: 7 pages extracted (cumulative: 77)
  mineru: pages 80-87
  chunk 11: 8 pages extracted (cumulative: 85)
  mineru: pages 88-95
  chunk 12: 8 pages extracted (cumulative: 93)
  mineru: pages 96-103
  chunk 13: 7 pages extracted (cumulative: 100)
  mineru: pages 104-111
  chunk 14: 8 pages extracted (cumulative: 108)
  mineru: pages 112-119
  chunk 15: 8 pages extracted (cumulative: 116)
  mineru: pages 120-127
  chunk 16: 8 pages extracted (cumulative: 124)
  mineru pages with text: 124
Done. Indexed 128 pages for C402.pdf (engine=mineru, OCR/parse on 124 pages, clean text for 120)
=== C403.pdf (grade=4, subject=persian) ===
indexing: C403.pdf (grade=4, subject=persian)
  mineru: pages 0-7
  chunk 1: 7 pages extracted (cumulative: 7)
  mineru: pages 8-15
  chunk 2: 7 pages extracted (cumulative: 14)
  mineru: pages 16-23
  chunk 3: 8 pages extracted (cumulative: 22)
  mineru: pages 24-31
  chunk 4: 8 pages extracted (cumulative: 30)
  mineru: pages 32-39
  chunk 5: 8 pages extracted (cumulative: 38)
  mineru: pages 40-47
  chunk 6: 7 pages extracted (cumulative: 45)
  mineru: pages 48-55
  chunk 7: 7 pages extracted (cumulative: 52)
  mineru: pages 56-63
  chunk 8: 8 pages extracted (cumulative: 60)
  mineru: pages 64-71
  chunk 9: 8 pages extracted (cumulative: 68)
  mineru: pages 72-79
  chunk 10: 7 pages extracted (cumulative: 75)
  mineru: pages 80-87
  chunk 11: 8 pages extracted (cumulative: 83)
  mineru: pages 88-95
  chunk 12: 8 pages extracted (cumulative: 91)
  mineru: pages 96-103
  chunk 13: 6 pages extracted (cumulative: 97)
  mineru: pages 104-111
  chunk 14: 7 pages extracted (cumulative: 104)
  mineru: pages 112-119
  chunk 15: 8 pages extracted (cumulative: 112)
  mineru: pages 120-127
  chunk 16: 8 pages extracted (cumulative: 120)
  mineru: pages 128-135
  chunk 17: 7 pages extracted (cumulative: 127)
  mineru: pages 136-143
  chunk 18: 7 pages extracted (cumulative: 134)
  mineru: pages 144-151
  chunk 19: 8 pages extracted (cumulative: 142)
  mineru pages with text: 142
Done. Indexed 152 pages for C403.pdf (engine=mineru, OCR/parse on 142 pages, clean text for 135)
=== C404.pdf (grade=4, subject=writing) ===
indexing: C404.pdf (grade=4, subject=writing)
  mineru: pages 0-7
  chunk 1: 8 pages extracted (cumulative: 8)
  mineru: pages 8-15
  chunk 2: 8 pages extracted (cumulative: 16)
  mineru: pages 16-23
  chunk 3: 7 pages extracted (cumulative: 23)
  mineru: pages 24-31
  chunk 4: 8 pages extracted (cumulative: 31)
  mineru: pages 32-39
  chunk 5: 8 pages extracted (cumulative: 39)
  mineru: pages 40-47
  chunk 6: 8 pages extracted (cumulative: 47)
  mineru: pages 48-55
  chunk 7: 2 pages extracted (cumulative: 49)
  mineru: pages 56-63
  chunk 8: 8 pages extracted (cumulative: 57)
  mineru: pages 64-71
  chunk 9: 8 pages extracted (cumulative: 65)
  mineru: pages 72-79
  chunk 10: 8 pages extracted (cumulative: 73)
  mineru: pages 80-87
  chunk 11: 8 pages extracted (cumulative: 81)
  mineru: pages 88-95
  chunk 12: 7 pages extracted (cumulative: 88)
  mineru: pages 96-103
  chunk 13: 8 pages extracted (cumulative: 96)
  mineru: pages 104-111
  chunk 14: 7 pages extracted (cumulative: 103)
  mineru pages with text: 103
Done. Indexed 112 pages for C404.pdf (engine=mineru, OCR/parse on 103 pages, clean text for 99)
=== C405.pdf (grade=4, subject=math) ===
indexing: C405.pdf (grade=4, subject=math)
  mineru: pages 0-7
  chunk 1: 7 pages extracted (cumulative: 7)
  mineru: pages 8-15
  chunk 2: 8 pages extracted (cumulative: 15)
  mineru: pages 16-23
  chunk 3: 8 pages extracted (cumulative: 23)
  mineru: pages 24-31
  chunk 4: 8 pages extracted (cumulative: 31)
  mineru: pages 32-39
  chunk 5: 8 pages extracted (cumulative: 39)
  mineru: pages 40-47
  chunk 6: 8 pages extracted (cumulative: 47)
  mineru: pages 48-55
  chunk 7: 7 pages extracted (cumulative: 54)
  mineru: pages 56-63
  chunk 8: 8 pages extracted (cumulative: 62)
  mineru: pages 64-71
  chunk 9: 8 pages extracted (cumulative: 70)
  mineru: pages 72-79
  chunk 10: 8 pages extracted (cumulative: 78)
  mineru: pages 80-87
  chunk 11: 8 pages extracted (cumulative: 86)
  mineru: pages 88-95
  chunk 12: 8 pages extracted (cumulative: 94)
  mineru: pages 96-103
  chunk 13: 7 pages extracted (cumulative: 101)
  mineru: pages 104-111
  chunk 14: 8 pages extracted (cumulative: 109)
  mineru: pages 112-119
  chunk 15: 8 pages extracted (cumulative: 117)
  mineru: pages 120-127
  chunk 16: 8 pages extracted (cumulative: 125)
  mineru: pages 128-135
  chunk 17: 8 pages extracted (cumulative: 133)
  mineru: pages 136-143
  chunk 18: 7 pages extracted (cumulative: 140)
  mineru: pages 144-151
  chunk 19: 7 pages extracted (cumulative: 147)
  mineru: pages 152-159
  mineru pages with text: 147
Done. Indexed 160 pages for C405.pdf (engine=mineru, OCR/parse on 147 pages, clean text for 132)
=== C406.pdf (grade=4, subject=science) ===
indexing: C406.pdf (grade=4, subject=science)
  mineru: pages 0-7
  chunk 1: 8 pages extracted (cumulative: 8)
  mineru: pages 8-15
  chunk 2: 8 pages extracted (cumulative: 16)
  mineru: pages 16-23
  chunk 3: 8 pages extracted (cumulative: 24)
  mineru: pages 24-31
  chunk 4: 8 pages extracted (cumulative: 32)
  mineru: pages 32-39
  chunk 5: 8 pages extracted (cumulative: 40)
  mineru: pages 40-47
  chunk 6: 7 pages extracted (cumulative: 47)
  mineru: pages 48-55
  chunk 7: 7 pages extracted (cumulative: 54)
  mineru: pages 56-63
  chunk 8: 8 pages extracted (cumulative: 62)
  mineru: pages 64-71
  chunk 9: 7 pages extracted (cumulative: 69)
  mineru: pages 72-79
  chunk 10: 8 pages extracted (cumulative: 77)
  mineru: pages 80-87
  chunk 11: 8 pages extracted (cumulative: 85)
  mineru: pages 88-95
  chunk 12: 8 pages extracted (cumulative: 93)
  mineru: pages 96-103
  chunk 13: 8 pages extracted (cumulative: 101)
  mineru: pages 104-111
  chunk 14: 8 pages extracted (cumulative: 109)
  mineru: pages 112-119
  chunk 15: 8 pages extracted (cumulative: 117)
  mineru: pages 120-127
  chunk 16: 8 pages extracted (cumulative: 125)
  mineru pages with text: 125
Done. Indexed 128 pages for C406.pdf (engine=mineru, OCR/parse on 125 pages, clean text for 113)
=== C407.pdf (grade=4, subject=social) ===
indexing: C407.pdf (grade=4, subject=social)
  mineru: pages 0-7
  chunk 1: 8 pages extracted (cumulative: 8)
  mineru: pages 8-15
  chunk 2: 7 pages extracted (cumulative: 15)
  mineru: pages 16-23
  chunk 3: 8 pages extracted (cumulative: 23)
  mineru: pages 24-31
  chunk 4: 8 pages extracted (cumulative: 31)
  mineru: pages 32-39
  chunk 5: 8 pages extracted (cumulative: 39)
  mineru: pages 40-47
  chunk 6: 8 pages extracted (cumulative: 47)
  mineru: pages 48-55
  chunk 7: 8 pages extracted (cumulative: 55)
  mineru: pages 56-63
  chunk 8: 7 pages extracted (cumulative: 62)
  mineru: pages 64-71
  chunk 9: 8 pages extracted (cumulative: 70)
  mineru: pages 72-79
  chunk 10: 8 pages extracted (cumulative: 78)
  mineru: pages 80-87
  chunk 11: 7 pages extracted (cumulative: 85)
  mineru: pages 88-95
  chunk 12: 8 pages extracted (cumulative: 93)
  mineru: pages 96-103
  chunk 13: 8 pages extracted (cumulative: 101)
  mineru: pages 104-111
  chunk 14: 7 pages extracted (cumulative: 108)
  mineru: pages 112-119
  chunk 15: 7 pages extracted (cumulative: 115)
  mineru pages with text: 115
Done. Indexed 120 pages for C407.pdf (engine=mineru, OCR/parse on 115 pages, clean text for 112)
=== C501.pdf (grade=5, subject=quran) ===
indexing: C501.pdf (grade=5, subject=quran)
  mineru: pages 0-7
  chunk 1: 7 pages extracted (cumulative: 7)
  mineru: pages 8-15
  chunk 2: 8 pages extracted (cumulative: 15)
  mineru: pages 16-23
  chunk 3: 8 pages extracted (cumulative: 23)
  mineru: pages 24-31
  chunk 4: 8 pages extracted (cumulative: 31)
  mineru: pages 32-39
  chunk 5: 7 pages extracted (cumulative: 38)
  mineru: pages 40-47
  chunk 6: 8 pages extracted (cumulative: 46)
  mineru: pages 48-55
  chunk 7: 8 pages extracted (cumulative: 54)
  mineru: pages 56-63
  chunk 8: 8 pages extracted (cumulative: 62)
  mineru: pages 64-71
  chunk 9: 8 pages extracted (cumulative: 70)
  mineru: pages 72-79
  chunk 10: 7 pages extracted (cumulative: 77)
  mineru: pages 80-87
  chunk 11: 8 pages extracted (cumulative: 85)
  mineru: pages 88-95
  chunk 12: 8 pages extracted (cumulative: 93)
  mineru: pages 96-103
  chunk 13: 8 pages extracted (cumulative: 101)
  mineru: pages 104-111
  chunk 14: 7 pages extracted (cumulative: 108)
  mineru pages with text: 108
Done. Indexed 112 pages for C501.pdf (engine=mineru, OCR/parse on 108 pages, clean text for 105)
=== C502.pdf (grade=5, subject=gifts) ===
indexing: C502.pdf (grade=5, subject=gifts)
  mineru: pages 0-7
  chunk 1: 8 pages extracted (cumulative: 8)
  mineru: pages 8-15
  chunk 2: 7 pages extracted (cumulative: 15)
  mineru: pages 16-23
  chunk 3: 7 pages extracted (cumulative: 22)
  mineru: pages 24-31
  chunk 4: 7 pages extracted (cumulative: 29)
  mineru: pages 32-39
  chunk 5: 8 pages extracted (cumulative: 37)
  mineru: pages 40-47
  chunk 6: 8 pages extracted (cumulative: 45)
  mineru: pages 48-55
  chunk 7: 7 pages extracted (cumulative: 52)
  mineru: pages 56-63
  chunk 8: 8 pages extracted (cumulative: 60)
  mineru: pages 64-71
  chunk 9: 8 pages extracted (cumulative: 68)
  mineru: pages 72-79
  chunk 10: 8 pages extracted (cumulative: 76)
  mineru: pages 80-87
  chunk 11: 8 pages extracted (cumulative: 84)
  mineru: pages 88-95
  chunk 12: 8 pages extracted (cumulative: 92)
  mineru: pages 96-103
  chunk 13: 8 pages extracted (cumulative: 100)
  mineru: pages 104-111
  chunk 14: 7 pages extracted (cumulative: 107)
  mineru: pages 112-119
  chunk 15: 8 pages extracted (cumulative: 115)
  mineru: pages 120-127
  chunk 16: 8 pages extracted (cumulative: 123)
  mineru pages with text: 123
Done. Indexed 128 pages for C502.pdf (engine=mineru, OCR/parse on 123 pages, clean text for 119)
=== C503.pdf (grade=5, subject=persian) ===
indexing: C503.pdf (grade=5, subject=persian)
  mineru: pages 0-7
  chunk 1: 7 pages extracted (cumulative: 7)
  mineru: pages 8-15
  chunk 2: 7 pages extracted (cumulative: 14)
  mineru: pages 16-23
  chunk 3: 8 pages extracted (cumulative: 22)
  mineru: pages 24-31
  chunk 4: 7 pages extracted (cumulative: 29)
  mineru: pages 32-39
  chunk 5: 7 pages extracted (cumulative: 36)
  mineru: pages 40-47
  chunk 6: 8 pages extracted (cumulative: 44)
  mineru: pages 48-55
  chunk 7: 8 pages extracted (cumulative: 52)
  mineru: pages 56-63
  chunk 8: 6 pages extracted (cumulative: 58)
  mineru: pages 64-71
  chunk 9: 8 pages extracted (cumulative: 66)
  mineru: pages 72-79
  chunk 10: 8 pages extracted (cumulative: 74)
  mineru: pages 80-87
  chunk 11: 8 pages extracted (cumulative: 82)
  mineru: pages 88-95
  chunk 12: 7 pages extracted (cumulative: 89)
  mineru: pages 96-103
  chunk 13: 6 pages extracted (cumulative: 95)
  mineru: pages 104-111
  chunk 14: 7 pages extracted (cumulative: 102)
  mineru: pages 112-119
  chunk 15: 7 pages extracted (cumulative: 109)
  mineru: pages 120-127
  chunk 16: 7 pages extracted (cumulative: 116)
  mineru: pages 128-135
  chunk 17: 7 pages extracted (cumulative: 123)
  mineru: pages 136-143
  chunk 18: 8 pages extracted (cumulative: 131)
  mineru: pages 144-151
  chunk 19: 8 pages extracted (cumulative: 139)
  mineru pages with text: 139
Done. Indexed 152 pages for C503.pdf (engine=mineru, OCR/parse on 139 pages, clean text for 123)
=== C504.pdf (grade=5, subject=writing) ===
indexing: C504.pdf (grade=5, subject=writing)
  mineru: pages 0-7
  chunk 1: 6 pages extracted (cumulative: 6)
  mineru: pages 8-15
  chunk 2: 8 pages extracted (cumulative: 14)
  mineru: pages 16-23
  chunk 3: 7 pages extracted (cumulative: 21)
  mineru: pages 24-31
  chunk 4: 8 pages extracted (cumulative: 29)
  mineru: pages 32-39
  chunk 5: 6 pages extracted (cumulative: 35)
  mineru: pages 40-47
  chunk 6: 7 pages extracted (cumulative: 42)
  mineru: pages 48-55
  chunk 7: 8 pages extracted (cumulative: 50)
  mineru: pages 56-63
  chunk 8: 6 pages extracted (cumulative: 56)
  mineru: pages 64-71
  chunk 9: 7 pages extracted (cumulative: 63)
  mineru: pages 72-79
  chunk 10: 6 pages extracted (cumulative: 69)
  mineru: pages 80-87
  chunk 11: 7 pages extracted (cumulative: 76)
  mineru: pages 88-95
  chunk 12: 7 pages extracted (cumulative: 83)
  mineru pages with text: 83
Done. Indexed 96 pages for C504.pdf (engine=mineru, OCR/parse on 83 pages, clean text for 80)
=== C505.pdf (grade=5, subject=math) ===
indexing: C505.pdf (grade=5, subject=math)
  mineru: pages 0-7
  chunk 1: 7 pages extracted (cumulative: 7)
  mineru: pages 8-15
  chunk 2: 8 pages extracted (cumulative: 15)
  mineru: pages 16-23
  chunk 3: 7 pages extracted (cumulative: 22)
  mineru: pages 24-31
  chunk 4: 8 pages extracted (cumulative: 30)
  mineru: pages 32-39
  chunk 5: 8 pages extracted (cumulative: 38)
  mineru: pages 40-47
  chunk 6: 7 pages extracted (cumulative: 45)
  mineru: pages 48-55
  chunk 7: 7 pages extracted (cumulative: 52)
  mineru: pages 56-63
  chunk 8: 8 pages extracted (cumulative: 60)
  mineru: pages 64-71
  chunk 9: 8 pages extracted (cumulative: 68)
  mineru: pages 72-79
  chunk 10: 8 pages extracted (cumulative: 76)
  mineru: pages 80-87
  chunk 11: 7 pages extracted (cumulative: 83)
  mineru: pages 88-95
  chunk 12: 8 pages extracted (cumulative: 91)
  mineru: pages 96-103
  chunk 13: 8 pages extracted (cumulative: 99)
  mineru: pages 104-111
  chunk 14: 8 pages extracted (cumulative: 107)
  mineru: pages 112-119
  chunk 15: 8 pages extracted (cumulative: 115)
  mineru: pages 120-127
  chunk 16: 8 pages extracted (cumulative: 123)
  mineru: pages 128-135
  chunk 17: 8 pages extracted (cumulative: 131)
  mineru: pages 136-143
  chunk 18: 8 pages extracted (cumulative: 139)
  mineru: pages 144-150
  chunk 19: 7 pages extracted (cumulative: 146)
  mineru pages with text: 146
Done. Indexed 151 pages for C505.pdf (engine=mineru, OCR/parse on 146 pages, clean text for 134)
=== C506.pdf (grade=5, subject=science) ===
indexing: C506.pdf (grade=5, subject=science)
  mineru: pages 0-7
  chunk 1: 8 pages extracted (cumulative: 8)
  mineru: pages 8-15
  chunk 2: 8 pages extracted (cumulative: 16)
  mineru: pages 16-23
  chunk 3: 8 pages extracted (cumulative: 24)
  mineru: pages 24-31
  chunk 4: 8 pages extracted (cumulative: 32)
  mineru: pages 32-39
  chunk 5: 8 pages extracted (cumulative: 40)
  mineru: pages 40-47
  chunk 6: 7 pages extracted (cumulative: 47)
  mineru: pages 48-55
  chunk 7: 7 pages extracted (cumulative: 54)
  mineru: pages 56-63
  chunk 8: 7 pages extracted (cumulative: 61)
  mineru: pages 64-71
  chunk 9: 7 pages extracted (cumulative: 68)
  mineru: pages 72-79
  chunk 10: 7 pages extracted (cumulative: 75)
  mineru: pages 80-87
  chunk 11: 8 pages extracted (cumulative: 83)
  mineru: pages 88-95
  chunk 12: 8 pages extracted (cumulative: 91)
  mineru: pages 96-103
  chunk 13: 7 pages extracted (cumulative: 98)
  mineru: pages 104-111
  chunk 14: 8 pages extracted (cumulative: 106)
  mineru pages with text: 106
Done. Indexed 112 pages for C506.pdf (engine=mineru, OCR/parse on 106 pages, clean text for 97)
=== C507.pdf (grade=5, subject=social) ===
indexing: C507.pdf (grade=5, subject=social)
  mineru: pages 0-7
  chunk 1: 8 pages extracted (cumulative: 8)
  mineru: pages 8-15
  chunk 2: 8 pages extracted (cumulative: 16)
  mineru: pages 16-23
  chunk 3: 8 pages extracted (cumulative: 24)
  mineru: pages 24-31
  chunk 4: 7 pages extracted (cumulative: 31)
  mineru: pages 32-39
  chunk 5: 8 pages extracted (cumulative: 39)
  mineru: pages 40-47
  chunk 6: 8 pages extracted (cumulative: 47)
  mineru: pages 48-55
  chunk 7: 8 pages extracted (cumulative: 55)
  mineru: pages 56-63
  chunk 8: 8 pages extracted (cumulative: 63)
  mineru: pages 64-71
  chunk 9: 7 pages extracted (cumulative: 70)
  mineru: pages 72-79
  chunk 10: 7 pages extracted (cumulative: 77)
  mineru: pages 80-87
  chunk 11: 8 pages extracted (cumulative: 85)
  mineru: pages 88-95
  chunk 12: 8 pages extracted (cumulative: 93)
  mineru: pages 96-103
  chunk 13: 8 pages extracted (cumulative: 101)
  mineru: pages 104-111
  chunk 14: 8 pages extracted (cumulative: 109)
  mineru: pages 112-119
  chunk 15: 7 pages extracted (cumulative: 116)
  mineru: pages 120-127
  chunk 16: 7 pages extracted (cumulative: 123)
  mineru: pages 128-135
  chunk 17: 8 pages extracted (cumulative: 131)
  mineru pages with text: 131
Done. Indexed 136 pages for C507.pdf (engine=mineru, OCR/parse on 131 pages, clean text for 124)
=== C601.pdf (grade=6, subject=quran) ===
indexing: C601.pdf (grade=6, subject=quran)
  mineru: pages 0-7
  chunk 1: 7 pages extracted (cumulative: 7)
  mineru: pages 8-15
  chunk 2: 8 pages extracted (cumulative: 15)
  mineru: pages 16-23
  chunk 3: 8 pages extracted (cumulative: 23)
  mineru: pages 24-31
  chunk 4: 8 pages extracted (cumulative: 31)
  mineru: pages 32-39
  chunk 5: 8 pages extracted (cumulative: 39)
  mineru: pages 40-47
  chunk 6: 8 pages extracted (cumulative: 47)
  mineru: pages 48-55
  chunk 7: 8 pages extracted (cumulative: 55)
  mineru: pages 56-63
  chunk 8: 8 pages extracted (cumulative: 63)
  mineru: pages 64-71
  chunk 9: 8 pages extracted (cumulative: 71)
  mineru: pages 72-79
  chunk 10: 8 pages extracted (cumulative: 79)
  mineru: pages 80-87
  chunk 11: 8 pages extracted (cumulative: 87)
  mineru: pages 88-95
  chunk 12: 8 pages extracted (cumulative: 95)
  mineru: pages 96-103
  chunk 13: 8 pages extracted (cumulative: 103)
  mineru: pages 104-111
  chunk 14: 8 pages extracted (cumulative: 111)
  mineru pages with text: 111
Done. Indexed 112 pages for C601.pdf (engine=mineru, OCR/parse on 111 pages, clean text for 103)
=== C602.pdf (grade=6, subject=gifts) ===
indexing: C602.pdf (grade=6, subject=gifts)
  mineru: pages 0-7
  chunk 1: 8 pages extracted (cumulative: 8)
  mineru: pages 8-15
  chunk 2: 8 pages extracted (cumulative: 16)
  mineru: pages 16-23
  chunk 3: 8 pages extracted (cumulative: 24)
  mineru: pages 24-31
  chunk 4: 8 pages extracted (cumulative: 32)
  mineru: pages 32-39
  chunk 5: 8 pages extracted (cumulative: 40)
  mineru: pages 40-47
  chunk 6: 8 pages extracted (cumulative: 48)
  mineru: pages 48-55
  chunk 7: 8 pages extracted (cumulative: 56)
  mineru: pages 56-63
  chunk 8: 8 pages extracted (cumulative: 64)
  mineru: pages 64-71
  chunk 9: 8 pages extracted (cumulative: 72)
  mineru: pages 72-79
  chunk 10: 8 pages extracted (cumulative: 80)
  mineru: pages 80-87
  chunk 11: 8 pages extracted (cumulative: 88)
  mineru: pages 88-95
  chunk 12: 8 pages extracted (cumulative: 96)
  mineru: pages 96-103
  chunk 13: 8 pages extracted (cumulative: 104)
  mineru: pages 104-111
  chunk 14: 8 pages extracted (cumulative: 112)
  mineru pages with text: 112
Done. Indexed 112 pages for C602.pdf (engine=mineru, OCR/parse on 112 pages, clean text for 109)
=== C603.pdf (grade=6, subject=persian) ===
indexing: C603.pdf (grade=6, subject=persian)
  mineru: pages 0-7
  chunk 1: 7 pages extracted (cumulative: 7)
  mineru: pages 8-15
  chunk 2: 7 pages extracted (cumulative: 14)
  mineru: pages 16-23
  chunk 3: 7 pages extracted (cumulative: 21)
  mineru: pages 24-31
  chunk 4: 7 pages extracted (cumulative: 28)
  mineru: pages 32-39
  chunk 5: 8 pages extracted (cumulative: 36)
  mineru: pages 40-47
  chunk 6: 8 pages extracted (cumulative: 44)
  mineru: pages 48-55
  chunk 7: 7 pages extracted (cumulative: 51)
  mineru: pages 56-63
  chunk 8: 8 pages extracted (cumulative: 59)
  mineru: pages 64-71
  chunk 9: 7 pages extracted (cumulative: 66)
  mineru: pages 72-79
  chunk 10: 8 pages extracted (cumulative: 74)
  mineru: pages 80-87
  chunk 11: 8 pages extracted (cumulative: 82)
  mineru: pages 88-95
  chunk 12: 8 pages extracted (cumulative: 90)
  mineru: pages 96-103
  chunk 13: 8 pages extracted (cumulative: 98)
  mineru: pages 104-111
  chunk 14: 8 pages extracted (cumulative: 106)
  mineru: pages 112-119
  chunk 15: 7 pages extracted (cumulative: 113)
  mineru: pages 120-127
  chunk 16: 8 pages extracted (cumulative: 121)
  mineru pages with text: 121
Done. Indexed 128 pages for C603.pdf (engine=mineru, OCR/parse on 121 pages, clean text for 118)
=== C604.pdf (grade=6, subject=writing) ===
indexing: C604.pdf (grade=6, subject=writing)
  mineru: pages 0-7
  chunk 1: 7 pages extracted (cumulative: 7)
  mineru: pages 8-15
  chunk 2: 7 pages extracted (cumulative: 14)
  mineru: pages 16-23
  chunk 3: 8 pages extracted (cumulative: 22)
  mineru: pages 24-31
  chunk 4: 8 pages extracted (cumulative: 30)
  mineru: pages 32-39
  chunk 5: 8 pages extracted (cumulative: 38)
  mineru: pages 40-47
  chunk 6: 7 pages extracted (cumulative: 45)
  mineru: pages 48-55
  chunk 7: 8 pages extracted (cumulative: 53)
  mineru: pages 56-63
  chunk 8: 8 pages extracted (cumulative: 61)
  mineru: pages 64-71
  chunk 9: 8 pages extracted (cumulative: 69)
  mineru: pages 72-79
  chunk 10: 7 pages extracted (cumulative: 76)
  mineru: pages 80-87
  chunk 11: 7 pages extracted (cumulative: 83)
  mineru: pages 88-95
  chunk 12: 6 pages extracted (cumulative: 89)
  mineru: pages 96-103
  chunk 13: 8 pages extracted (cumulative: 97)
  mineru pages with text: 97
Done. Indexed 104 pages for C604.pdf (engine=mineru, OCR/parse on 97 pages, clean text for 91)
=== C605.pdf (grade=6, subject=math) ===
indexing: C605.pdf (grade=6, subject=math)
  mineru: pages 0-7
  chunk 1: 7 pages extracted (cumulative: 7)
  mineru: pages 8-15
  chunk 2: 8 pages extracted (cumulative: 15)
  mineru: pages 16-23
  chunk 3: 8 pages extracted (cumulative: 23)
  mineru: pages 24-31
  chunk 4: 8 pages extracted (cumulative: 31)
  mineru: pages 32-39
  chunk 5: 8 pages extracted (cumulative: 39)
  mineru: pages 40-47
  chunk 6: 8 pages extracted (cumulative: 47)
  mineru: pages 48-55
  chunk 7: 8 pages extracted (cumulative: 55)
  mineru: pages 56-63
  chunk 8: 8 pages extracted (cumulative: 63)
  mineru: pages 64-71
  chunk 9: 7 pages extracted (cumulative: 70)
  mineru: pages 72-79
  chunk 10: 8 pages extracted (cumulative: 78)
  mineru: pages 80-87
  chunk 11: 8 pages extracted (cumulative: 86)
  mineru: pages 88-95
  chunk 12: 8 pages extracted (cumulative: 94)
  mineru: pages 96-103
  chunk 13: 8 pages extracted (cumulative: 102)
  mineru: pages 104-111
  chunk 14: 8 pages extracted (cumulative: 110)
  mineru: pages 112-119
  chunk 15: 8 pages extracted (cumulative: 118)
  mineru: pages 120-127
  chunk 16: 8 pages extracted (cumulative: 126)
  mineru: pages 128-135
  chunk 17: 8 pages extracted (cumulative: 134)
  mineru: pages 136-143
  chunk 18: 8 pages extracted (cumulative: 142)
  mineru: pages 144-151
  chunk 19: 8 pages extracted (cumulative: 150)
  mineru pages with text: 150
Done. Indexed 152 pages for C605.pdf (engine=mineru, OCR/parse on 150 pages, clean text for 129)
=== C606.pdf (grade=6, subject=science) ===
indexing: C606.pdf (grade=6, subject=science)
  mineru: pages 0-7
  chunk 1: 8 pages extracted (cumulative: 8)
  mineru: pages 8-15
  chunk 2: 7 pages extracted (cumulative: 15)
  mineru: pages 16-23
  chunk 3: 7 pages extracted (cumulative: 22)
  mineru: pages 24-31
  chunk 4: 8 pages extracted (cumulative: 30)
  mineru: pages 32-39
  chunk 5: 8 pages extracted (cumulative: 38)
  mineru: pages 40-47
  chunk 6: 8 pages extracted (cumulative: 46)
  mineru: pages 48-55
  chunk 7: 8 pages extracted (cumulative: 54)
  mineru: pages 56-63
  chunk 8: 8 pages extracted (cumulative: 62)
  mineru: pages 64-71
  chunk 9: 7 pages extracted (cumulative: 69)
  mineru: pages 72-79
  chunk 10: 8 pages extracted (cumulative: 77)
  mineru: pages 80-87
  chunk 11: 8 pages extracted (cumulative: 85)
  mineru: pages 88-95
  chunk 12: 8 pages extracted (cumulative: 93)
  mineru: pages 96-103
  chunk 13: 8 pages extracted (cumulative: 101)
  mineru: pages 104-111
  chunk 14: 8 pages extracted (cumulative: 109)
  mineru pages with text: 109
Done. Indexed 112 pages for C606.pdf (engine=mineru, OCR/parse on 109 pages, clean text for 98)
=== C607.pdf (grade=6, subject=social) ===
indexing: C607.pdf (grade=6, subject=social)
  mineru: pages 0-7
  chunk 1: 8 pages extracted (cumulative: 8)
  mineru: pages 8-15
  chunk 2: 7 pages extracted (cumulative: 15)
  mineru: pages 16-23
  chunk 3: 8 pages extracted (cumulative: 23)
  mineru: pages 24-31
  chunk 4: 8 pages extracted (cumulative: 31)
  mineru: pages 32-39
  chunk 5: 8 pages extracted (cumulative: 39)
  mineru: pages 40-47
  chunk 6: 8 pages extracted (cumulative: 47)
  mineru: pages 48-55
  chunk 7: 8 pages extracted (cumulative: 55)
  mineru: pages 56-63
  chunk 8: 7 pages extracted (cumulative: 62)
  mineru: pages 64-71
  chunk 9: 8 pages extracted (cumulative: 70)
  mineru: pages 72-79
  chunk 10: 8 pages extracted (cumulative: 78)
  mineru: pages 80-87
  chunk 11: 8 pages extracted (cumulative: 86)
  mineru: pages 88-95
  chunk 12: 8 pages extracted (cumulative: 94)
  mineru: pages 96-103
  chunk 13: 8 pages extracted (cumulative: 102)
  mineru: pages 104-111
  chunk 14: 8 pages extracted (cumulative: 110)
  mineru: pages 112-119
  chunk 15: 8 pages extracted (cumulative: 118)
  mineru: pages 120-127
  chunk 16: 7 pages extracted (cumulative: 125)
  mineru: pages 128-135
  chunk 17: 8 pages extracted (cumulative: 133)
  mineru: pages 136-143
  chunk 18: 8 pages extracted (cumulative: 141)
  mineru: pages 144-151
  chunk 19: 8 pages extracted (cumulative: 149)
  mineru pages with text: 149
Done. Indexed 152 pages for C607.pdf (engine=mineru, OCR/parse on 149 pages, clean text for 147)
=== C612.pdf (grade=6, subject=thinking) ===
indexing: C612.pdf (grade=6, subject=thinking)
  mineru: pages 0-7
  chunk 1: 8 pages extracted (cumulative: 8)
  mineru: pages 8-15
  chunk 2: 6 pages extracted (cumulative: 14)
  mineru: pages 16-23
  chunk 3: 8 pages extracted (cumulative: 22)
  mineru: pages 24-31
  chunk 4: 8 pages extracted (cumulative: 30)
  mineru: pages 32-39
  chunk 5: 8 pages extracted (cumulative: 38)
  mineru: pages 40-47
  chunk 6: 8 pages extracted (cumulative: 46)
  mineru: pages 48-55
  chunk 7: 8 pages extracted (cumulative: 54)
  mineru: pages 56-63
  chunk 8: 8 pages extracted (cumulative: 62)
  mineru: pages 64-71
  chunk 9: 7 pages extracted (cumulative: 69)
  mineru: pages 72-79
  chunk 10: 8 pages extracted (cumulative: 77)
  mineru: pages 80-87
  chunk 11: 8 pages extracted (cumulative: 85)
  mineru: pages 88-95
  chunk 12: 7 pages extracted (cumulative: 92)
  mineru: pages 96-103
  chunk 13: 8 pages extracted (cumulative: 100)
  mineru: pages 104-111
  chunk 14: 3 pages extracted (cumulative: 103)
  mineru: pages 112-119
  chunk 15: 8 pages extracted (cumulative: 111)
  mineru pages with text: 111
Done. Indexed 120 pages for C612.pdf (engine=mineru, OCR/parse on 111 pages, clean text for 106)
=== C617.pdf (grade=6, subject=technology) ===
indexing: C617.pdf (grade=6, subject=technology)
  mineru: pages 0-7
  chunk 1: 6 pages extracted (cumulative: 6)
  mineru: pages 8-15
  chunk 2: 7 pages extracted (cumulative: 13)
  mineru: pages 16-23
  mineru: pages 24-31
  chunk 4: 8 pages extracted (cumulative: 21)
  mineru: pages 32-39
  chunk 5: 8 pages extracted (cumulative: 29)
  mineru: pages 40-47
  chunk 6: 8 pages extracted (cumulative: 37)
  mineru: pages 48-55
  chunk 7: 8 pages extracted (cumulative: 45)
  mineru: pages 56-63
  chunk 8: 7 pages extracted (cumulative: 52)
  mineru: pages 64-71
  chunk 9: 8 pages extracted (cumulative: 60)
  mineru: pages 72-79
  chunk 10: 6 pages extracted (cumulative: 66)
  mineru: pages 80-87
  chunk 11: 6 pages extracted (cumulative: 72)
  mineru: pages 88-95
  chunk 12: 8 pages extracted (cumulative: 80)
  mineru: pages 96-103
  chunk 13: 5 pages extracted (cumulative: 85)
  mineru: pages 104-111
  chunk 14: 5 pages extracted (cumulative: 90)
  mineru: pages 112-119
  chunk 15: 7 pages extracted (cumulative: 97)
  mineru: pages 120-127
  chunk 16: 6 pages extracted (cumulative: 103)
  mineru pages with text: 103
Done. Indexed 128 pages for C617.pdf (engine=mineru, OCR/parse on 103 pages, clean text for 100)
All done. Pages touched this run: 3791
